exports[`test FloatCell renders 1`] = `
<input
  autoFocus={true}
  onBlur={[Function]}
  onChange={[Function]}
  onKeyDown={[Function]}
  step="any"
  type="text"
  value="1.5" />
`;
