exports[`test IntCell renders 1`] = `
<input
  autoFocus={true}
  onBlur={[Function]}
  onChange={[Function]}
  onKeyDown={[Function]}
  type="text"
  value="1" />
`;
