exports[`test NullableCell renders 1`] = `
<div
  className="root">
  <div
    className="button blue"
    onClick={[Function]}
    onMouseEnter={[Function]}
    onMouseLeave={[Function]}>
    <div>
      null
    </div>
  </div>
</div>
`;
